{
  "ok": true,
  "generated_at": "2026-04-17T23:41:13.746Z",
  "mode": "FIRESTORE",
  "fixture_path": null,
  "shadow_only": true,
  "lookback_hours": 24,
  "trade_n": 13,
  "narrative_disabled": true,
  "narrative_live_failed": false,
  "narrative_live_reason": null,
  "hypotheses": [],
  "proposals": []
}
{
  "ok": true,
  "generated_at": "2026-04-17T23:41:26.810Z",
  "mode": "FIRESTORE",
  "fixture_path": null,
  "shadow_only": true,
  "lookback_hours": 24,
  "trade_n": 13,
  "narrative_disabled": true,
  "narrative_live_failed": false,
  "narrative_live_reason": null,
  "hypotheses": [],
  "proposals": []
}
